------------------------------------------------------------
Timing Analyzer Summary
------------------------------------------------------------

Type  : Slow 1200mV 85C Model Setup 'KEY[0]'
Slack : -11.232
TNS   : -74.821

Type  : Slow 1200mV 85C Model Setup 'MAX10_CLK1_50'
Slack : -9.311
TNS   : -27.781

Type  : Slow 1200mV 85C Model Hold 'KEY[0]'
Slack : -0.746
TNS   : -0.746

Type  : Slow 1200mV 85C Model Hold 'MAX10_CLK1_50'
Slack : 0.378
TNS   : 0.000

Type  : Slow 1200mV 85C Model Minimum Pulse Width 'KEY[0]'
Slack : -3.000
TNS   : -106.278

Type  : Slow 1200mV 85C Model Minimum Pulse Width 'MAX10_CLK1_50'
Slack : -3.000
TNS   : -7.209

Type  : Slow 1200mV 0C Model Setup 'KEY[0]'
Slack : -10.249
TNS   : -67.264

Type  : Slow 1200mV 0C Model Setup 'MAX10_CLK1_50'
Slack : -8.555
TNS   : -25.524

Type  : Slow 1200mV 0C Model Hold 'KEY[0]'
Slack : -0.689
TNS   : -0.689

Type  : Slow 1200mV 0C Model Hold 'MAX10_CLK1_50'
Slack : 0.339
TNS   : 0.000

Type  : Slow 1200mV 0C Model Minimum Pulse Width 'KEY[0]'
Slack : -3.000
TNS   : -97.543

Type  : Slow 1200mV 0C Model Minimum Pulse Width 'MAX10_CLK1_50'
Slack : -3.000
TNS   : -7.209

Type  : Fast 1200mV 0C Model Setup 'KEY[0]'
Slack : -5.153
TNS   : -27.498

Type  : Fast 1200mV 0C Model Setup 'MAX10_CLK1_50'
Slack : -4.210
TNS   : -12.564

Type  : Fast 1200mV 0C Model Hold 'KEY[0]'
Slack : -0.385
TNS   : -0.385

Type  : Fast 1200mV 0C Model Hold 'MAX10_CLK1_50'
Slack : 0.166
TNS   : 0.000

Type  : Fast 1200mV 0C Model Minimum Pulse Width 'KEY[0]'
Slack : -3.000
TNS   : -50.098

Type  : Fast 1200mV 0C Model Minimum Pulse Width 'MAX10_CLK1_50'
Slack : -3.000
TNS   : -6.096

------------------------------------------------------------
